The target system is: Generic -  - 
The host system is: Linux - 5.4.0-212-generic - x86_64
Compiling the C compiler identification source file "CMakeCCompilerId.c" succeeded.
Compiler: /work/shishimao/T553_code/software/code/sdk/tools/bin/compiler/linx/linx_170/linx-llvm-binary-debug/linx-llvm-binary-release-musl/bin/clang-12 
Build flags: 
Id flags:  

The output was:
0


Compilation of the C compiler identification source "CMakeCCompilerId.c" produced "a.out"

The C compiler identification is Clang, found in "/work/shishimao/T553_code/software/code/sdk/output/brandy/acore/brandy-diting-r/CMakeFiles/3.22.1/CompilerIdC/a.out"

Checking whether the ASM compiler is Clang using "--version" matched "(clang version)":
clang version 12.0.1 (Linx Base Software-MCU 1.3.0.B007)
Target: riscv32
Thread model: posix
InstalledDir: /work/shishimao/T553_code/software/code/sdk/tools/bin/compiler/linx/linx_170/linx-llvm-binary-debug/linx-llvm-binary-release-musl/bin
Compiling the CXX compiler identification source file "CMakeCXXCompilerId.cpp" succeeded.
Compiler: /work/shishimao/T553_code/software/code/sdk/tools/bin/compiler/linx/linx_170/linx-llvm-binary-debug/linx-llvm-binary-release-musl/bin/clang++ 
Build flags: 
Id flags:  

The output was:
0


Compilation of the CXX compiler identification source "CMakeCXXCompilerId.cpp" produced "a.out"

The CXX compiler identification is Clang, found in "/work/shishimao/T553_code/software/code/sdk/output/brandy/acore/brandy-diting-r/CMakeFiles/3.22.1/CompilerIdCXX/a.out"

Detecting C compiler ABI info compiled with the following output:
Change Dir: /work/shishimao/T553_code/software/code/sdk/output/brandy/acore/brandy-diting-r/CMakeFiles/CMakeTmp

Run Build Command(s):/usr/bin/make -f Makefile cmTC_880b8/fast && /usr/bin/make  -f CMakeFiles/cmTC_880b8.dir/build.make CMakeFiles/cmTC_880b8.dir/build
make[1]: Entering directory '/work/shishimao/T553_code/software/code/sdk/output/brandy/acore/brandy-diting-r/CMakeFiles/CMakeTmp'
Building C object CMakeFiles/cmTC_880b8.dir/CMakeCCompilerABI.c.obj
/work/shishimao/T553_code/software/code/sdk/tools/bin/compiler/linx/linx_170/linx-llvm-binary-debug/linx-llvm-binary-release-musl/bin/clang-12   -v -MD -MT CMakeFiles/cmTC_880b8.dir/CMakeCCompilerABI.c.obj -MF CMakeFiles/cmTC_880b8.dir/CMakeCCompilerABI.c.obj.d -o CMakeFiles/cmTC_880b8.dir/CMakeCCompilerABI.c.obj -c /usr/local/share/cmake-3.22/Modules/CMakeCCompilerABI.c
clang version 12.0.1 (Linx Base Software-MCU 1.3.0.B007)
Target: riscv32
Thread model: posix
InstalledDir: /work/shishimao/T553_code/software/code/sdk/tools/bin/compiler/linx/linx_170/linx-llvm-binary-debug/linx-llvm-binary-release-musl/bin
 "/work/shishimao/T553_code/software/code/sdk/tools/bin/compiler/linx/linx_170/linx-llvm-binary-debug/linx-llvm-binary-release-musl/bin/clang-12" -cc1 -triple riscv32 -S -disable-free -disable-llvm-verifier -discard-value-names -main-file-name CMakeCCompilerABI.c -mrelocation-model static -mframe-pointer=all -fmath-errno -ffp-contract=fast -fno-rounding-math -fno-verbose-asm -no-integrated-as -mconstructor-aliases -nostdsysteminc -target-feature +m -target-feature +c -target-feature +xlinxma -target-feature +xlinxmb -target-feature +xlinxmc -target-feature +xlinxmd -target-feature +xlinxme -target-feature +xlinxmf -target-feature +relax -target-feature -save-restore -target-abi ilp32 -msmall-data-limit 8 -fno-split-dwarf-inlining -debugger-tuning=gdb -v -resource-dir /work/shishimao/T553_code/software/code/sdk/tools/bin/compiler/linx/linx_170/linx-llvm-binary-debug/linx-llvm-binary-release-musl/lib/clang/12.0.1 -dependency-file CMakeFiles/cmTC_880b8.dir/CMakeCCompilerABI.c.obj.d -MT CMakeFiles/cmTC_880b8.dir/CMakeCCompilerABI.c.obj -sys-header-deps -internal-isystem /work/shishimao/T553_code/software/code/sdk/tools/bin/compiler/linx/linx_170/linx-llvm-binary-debug/linx-llvm-binary-release-musl/lib/clang/12.0.1/include -internal-isystem /work/shishimao/T553_code/software/code/sdk/tools/bin/compiler/linx/linx_170/linx-llvm-binary-debug/linx-llvm-binary-release-musl/bin/../riscv32-elf/include -fno-dwarf-directory-asm -fdebug-compilation-dir /work/shishimao/T553_code/software/code/sdk/output/brandy/acore/brandy-diting-r/CMakeFiles/CMakeTmp -ferror-limit 19 -fno-signed-char -fgnuc-version=4.2.1 -o /tmp/CMakeCCompilerABI-eb3e9b.s -x c /usr/local/share/cmake-3.22/Modules/CMakeCCompilerABI.c
clang -cc1 version 12.0.1 based upon LLVM 12.0.1 default target riscv32
ignoring duplicate directory "/work/shishimao/T553_code/software/code/sdk/tools/bin/compiler/linx/linx_170/linx-llvm-binary-debug/linx-llvm-binary-release-musl/lib/clang/12.0.1/include"
#include "..." search starts here:
#include <...> search starts here:
 /work/shishimao/T553_code/software/code/sdk/tools/bin/compiler/linx/linx_170/linx-llvm-binary-debug/linx-llvm-binary-release-musl/lib/clang/12.0.1/include
 /work/shishimao/T553_code/software/code/sdk/tools/bin/compiler/linx/linx_170/linx-llvm-binary-debug/linx-llvm-binary-release-musl/bin/../riscv32-elf/include
End of search list.
 "/work/shishimao/T553_code/software/code/sdk/tools/bin/compiler/linx/linx_170/linx-llvm-binary-debug/linx-llvm-binary-release-musl/bin/riscv32/riscv32-raw/as" -mabi ilp32 -march rv32imc_xlinxma_xlinxmb_xlinxmc_xlinxmd_xlinxme_xlinxmf -o CMakeFiles/cmTC_880b8.dir/CMakeCCompilerABI.c.obj /tmp/CMakeCCompilerABI-eb3e9b.s
Linking C executable cmTC_880b8
/usr/local/bin/cmake -E cmake_link_script CMakeFiles/cmTC_880b8.dir/link.txt --verbose=1
/work/shishimao/T553_code/software/code/sdk/tools/bin/compiler/linx/linx_170/linx-llvm-binary-debug/linx-llvm-binary-release-musl/bin/clang-12  -v CMakeFiles/cmTC_880b8.dir/CMakeCCompilerABI.c.obj -o cmTC_880b8 
clang version 12.0.1 (Linx Base Software-MCU 1.3.0.B007)
Target: riscv32
Thread model: posix
InstalledDir: /work/shishimao/T553_code/software/code/sdk/tools/bin/compiler/linx/linx_170/linx-llvm-binary-debug/linx-llvm-binary-release-musl/bin
 "/work/shishimao/T553_code/software/code/sdk/tools/bin/compiler/linx/linx_170/linx-llvm-binary-debug/linx-llvm-binary-release-musl/bin/riscv32/riscv32-raw/ld" -m elf32lriscv -L/work/shishimao/T553_code/software/code/sdk/tools/bin/compiler/linx/linx_170/linx-llvm-binary-debug/linx-llvm-binary-release-musl/bin/../riscv32-elf/lib/rv32imc_ilp32/ /work/shishimao/T553_code/software/code/sdk/tools/bin/compiler/linx/linx_170/linx-llvm-binary-debug/linx-llvm-binary-release-musl/bin/../riscv32-elf/lib/rv32imc_ilp32/crt0.o /work/shishimao/T553_code/software/code/sdk/tools/bin/compiler/linx/linx_170/linx-llvm-binary-debug/linx-llvm-binary-release-musl/lib/clang/12.0.1/lib/rv32imc_ilp32/clang_rt.crtbegin-riscv32.o CMakeFiles/cmTC_880b8.dir/CMakeCCompilerABI.c.obj --start-group -lc -lgloss /work/shishimao/T553_code/software/code/sdk/tools/bin/compiler/linx/linx_170/linx-llvm-binary-debug/linx-llvm-binary-release-musl/lib/clang/12.0.1/lib/rv32imc_ilp32/libclang_rt.builtins-riscv32.a --end-group /work/shishimao/T553_code/software/code/sdk/tools/bin/compiler/linx/linx_170/linx-llvm-binary-debug/linx-llvm-binary-release-musl/lib/clang/12.0.1/lib/rv32imc_ilp32/clang_rt.crtend-riscv32.o -o cmTC_880b8
make[1]: Leaving directory '/work/shishimao/T553_code/software/code/sdk/output/brandy/acore/brandy-diting-r/CMakeFiles/CMakeTmp'



Parsed C implicit include dir info from above output: rv=done
  found start of include info
  found start of implicit include info
    add: [/work/shishimao/T553_code/software/code/sdk/tools/bin/compiler/linx/linx_170/linx-llvm-binary-debug/linx-llvm-binary-release-musl/lib/clang/12.0.1/include]
    add: [/work/shishimao/T553_code/software/code/sdk/tools/bin/compiler/linx/linx_170/linx-llvm-binary-debug/linx-llvm-binary-release-musl/bin/../riscv32-elf/include]
  end of search list found
  collapse include dir [/work/shishimao/T553_code/software/code/sdk/tools/bin/compiler/linx/linx_170/linx-llvm-binary-debug/linx-llvm-binary-release-musl/lib/clang/12.0.1/include] ==> [/work/shishimao/T553_code/software/code/sdk/tools/bin/compiler/linx/linx_170/linx-llvm-binary-debug/linx-llvm-binary-release-musl/lib/clang/12.0.1/include]
  collapse include dir [/work/shishimao/T553_code/software/code/sdk/tools/bin/compiler/linx/linx_170/linx-llvm-binary-debug/linx-llvm-binary-release-musl/bin/../riscv32-elf/include] ==> [/work/shishimao/T553_code/software/code/sdk/tools/bin/compiler/linx/linx_170/linx-llvm-binary-debug/linx-llvm-binary-release-musl/riscv32-elf/include]
  implicit include dirs: [/work/shishimao/T553_code/software/code/sdk/tools/bin/compiler/linx/linx_170/linx-llvm-binary-debug/linx-llvm-binary-release-musl/lib/clang/12.0.1/include;/work/shishimao/T553_code/software/code/sdk/tools/bin/compiler/linx/linx_170/linx-llvm-binary-debug/linx-llvm-binary-release-musl/riscv32-elf/include]


Parsed C implicit link information from above output:
  link line regex: [^( *|.*[/\])(riscv32-linux-musl-ld|CMAKE_LINK_STARTFILE-NOTFOUND|([^/\]+-)?ld|collect2)[^/\]*( |$)]
  ignore line: [Change Dir: /work/shishimao/T553_code/software/code/sdk/output/brandy/acore/brandy-diting-r/CMakeFiles/CMakeTmp]
  ignore line: []
  ignore line: [Run Build Command(s):/usr/bin/make -f Makefile cmTC_880b8/fast && /usr/bin/make  -f CMakeFiles/cmTC_880b8.dir/build.make CMakeFiles/cmTC_880b8.dir/build]
  ignore line: [make[1]: Entering directory '/work/shishimao/T553_code/software/code/sdk/output/brandy/acore/brandy-diting-r/CMakeFiles/CMakeTmp']
  ignore line: [Building C object CMakeFiles/cmTC_880b8.dir/CMakeCCompilerABI.c.obj]
  ignore line: [/work/shishimao/T553_code/software/code/sdk/tools/bin/compiler/linx/linx_170/linx-llvm-binary-debug/linx-llvm-binary-release-musl/bin/clang-12   -v -MD -MT CMakeFiles/cmTC_880b8.dir/CMakeCCompilerABI.c.obj -MF CMakeFiles/cmTC_880b8.dir/CMakeCCompilerABI.c.obj.d -o CMakeFiles/cmTC_880b8.dir/CMakeCCompilerABI.c.obj -c /usr/local/share/cmake-3.22/Modules/CMakeCCompilerABI.c]
  ignore line: [clang version 12.0.1 (Linx Base Software-MCU 1.3.0.B007)]
  ignore line: [Target: riscv32]
  ignore line: [Thread model: posix]
  ignore line: [InstalledDir: /work/shishimao/T553_code/software/code/sdk/tools/bin/compiler/linx/linx_170/linx-llvm-binary-debug/linx-llvm-binary-release-musl/bin]
  ignore line: [ "/work/shishimao/T553_code/software/code/sdk/tools/bin/compiler/linx/linx_170/linx-llvm-binary-debug/linx-llvm-binary-release-musl/bin/clang-12" -cc1 -triple riscv32 -S -disable-free -disable-llvm-verifier -discard-value-names -main-file-name CMakeCCompilerABI.c -mrelocation-model static -mframe-pointer=all -fmath-errno -ffp-contract=fast -fno-rounding-math -fno-verbose-asm -no-integrated-as -mconstructor-aliases -nostdsysteminc -target-feature +m -target-feature +c -target-feature +xlinxma -target-feature +xlinxmb -target-feature +xlinxmc -target-feature +xlinxmd -target-feature +xlinxme -target-feature +xlinxmf -target-feature +relax -target-feature -save-restore -target-abi ilp32 -msmall-data-limit 8 -fno-split-dwarf-inlining -debugger-tuning=gdb -v -resource-dir /work/shishimao/T553_code/software/code/sdk/tools/bin/compiler/linx/linx_170/linx-llvm-binary-debug/linx-llvm-binary-release-musl/lib/clang/12.0.1 -dependency-file CMakeFiles/cmTC_880b8.dir/CMakeCCompilerABI.c.obj.d -MT CMakeFiles/cmTC_880b8.dir/CMakeCCompilerABI.c.obj -sys-header-deps -internal-isystem /work/shishimao/T553_code/software/code/sdk/tools/bin/compiler/linx/linx_170/linx-llvm-binary-debug/linx-llvm-binary-release-musl/lib/clang/12.0.1/include -internal-isystem /work/shishimao/T553_code/software/code/sdk/tools/bin/compiler/linx/linx_170/linx-llvm-binary-debug/linx-llvm-binary-release-musl/bin/../riscv32-elf/include -fno-dwarf-directory-asm -fdebug-compilation-dir /work/shishimao/T553_code/software/code/sdk/output/brandy/acore/brandy-diting-r/CMakeFiles/CMakeTmp -ferror-limit 19 -fno-signed-char -fgnuc-version=4.2.1 -o /tmp/CMakeCCompilerABI-eb3e9b.s -x c /usr/local/share/cmake-3.22/Modules/CMakeCCompilerABI.c]
  ignore line: [clang -cc1 version 12.0.1 based upon LLVM 12.0.1 default target riscv32]
  ignore line: [ignoring duplicate directory "/work/shishimao/T553_code/software/code/sdk/tools/bin/compiler/linx/linx_170/linx-llvm-binary-debug/linx-llvm-binary-release-musl/lib/clang/12.0.1/include"]
  ignore line: [#include "..." search starts here:]
  ignore line: [#include <...> search starts here:]
  ignore line: [ /work/shishimao/T553_code/software/code/sdk/tools/bin/compiler/linx/linx_170/linx-llvm-binary-debug/linx-llvm-binary-release-musl/lib/clang/12.0.1/include]
  ignore line: [ /work/shishimao/T553_code/software/code/sdk/tools/bin/compiler/linx/linx_170/linx-llvm-binary-debug/linx-llvm-binary-release-musl/bin/../riscv32-elf/include]
  ignore line: [End of search list.]
  ignore line: [ "/work/shishimao/T553_code/software/code/sdk/tools/bin/compiler/linx/linx_170/linx-llvm-binary-debug/linx-llvm-binary-release-musl/bin/riscv32/riscv32-raw/as" -mabi ilp32 -march rv32imc_xlinxma_xlinxmb_xlinxmc_xlinxmd_xlinxme_xlinxmf -o CMakeFiles/cmTC_880b8.dir/CMakeCCompilerABI.c.obj /tmp/CMakeCCompilerABI-eb3e9b.s]
  ignore line: [Linking C executable cmTC_880b8]
  ignore line: [/usr/local/bin/cmake -E cmake_link_script CMakeFiles/cmTC_880b8.dir/link.txt --verbose=1]
  ignore line: [/work/shishimao/T553_code/software/code/sdk/tools/bin/compiler/linx/linx_170/linx-llvm-binary-debug/linx-llvm-binary-release-musl/bin/clang-12  -v CMakeFiles/cmTC_880b8.dir/CMakeCCompilerABI.c.obj -o cmTC_880b8 ]
  ignore line: [clang version 12.0.1 (Linx Base Software-MCU 1.3.0.B007)]
  ignore line: [Target: riscv32]
  ignore line: [Thread model: posix]
  ignore line: [InstalledDir: /work/shishimao/T553_code/software/code/sdk/tools/bin/compiler/linx/linx_170/linx-llvm-binary-debug/linx-llvm-binary-release-musl/bin]
  link line: [ "/work/shishimao/T553_code/software/code/sdk/tools/bin/compiler/linx/linx_170/linx-llvm-binary-debug/linx-llvm-binary-release-musl/bin/riscv32/riscv32-raw/ld" -m elf32lriscv -L/work/shishimao/T553_code/software/code/sdk/tools/bin/compiler/linx/linx_170/linx-llvm-binary-debug/linx-llvm-binary-release-musl/bin/../riscv32-elf/lib/rv32imc_ilp32/ /work/shishimao/T553_code/software/code/sdk/tools/bin/compiler/linx/linx_170/linx-llvm-binary-debug/linx-llvm-binary-release-musl/bin/../riscv32-elf/lib/rv32imc_ilp32/crt0.o /work/shishimao/T553_code/software/code/sdk/tools/bin/compiler/linx/linx_170/linx-llvm-binary-debug/linx-llvm-binary-release-musl/lib/clang/12.0.1/lib/rv32imc_ilp32/clang_rt.crtbegin-riscv32.o CMakeFiles/cmTC_880b8.dir/CMakeCCompilerABI.c.obj --start-group -lc -lgloss /work/shishimao/T553_code/software/code/sdk/tools/bin/compiler/linx/linx_170/linx-llvm-binary-debug/linx-llvm-binary-release-musl/lib/clang/12.0.1/lib/rv32imc_ilp32/libclang_rt.builtins-riscv32.a --end-group /work/shishimao/T553_code/software/code/sdk/tools/bin/compiler/linx/linx_170/linx-llvm-binary-debug/linx-llvm-binary-release-musl/lib/clang/12.0.1/lib/rv32imc_ilp32/clang_rt.crtend-riscv32.o -o cmTC_880b8]
    arg [/work/shishimao/T553_code/software/code/sdk/tools/bin/compiler/linx/linx_170/linx-llvm-binary-debug/linx-llvm-binary-release-musl/bin/riscv32/riscv32-raw/ld] ==> ignore
    arg [-m] ==> ignore
    arg [elf32lriscv] ==> ignore
    arg [-L/work/shishimao/T553_code/software/code/sdk/tools/bin/compiler/linx/linx_170/linx-llvm-binary-debug/linx-llvm-binary-release-musl/bin/../riscv32-elf/lib/rv32imc_ilp32/] ==> dir [/work/shishimao/T553_code/software/code/sdk/tools/bin/compiler/linx/linx_170/linx-llvm-binary-debug/linx-llvm-binary-release-musl/bin/../riscv32-elf/lib/rv32imc_ilp32/]
    arg [/work/shishimao/T553_code/software/code/sdk/tools/bin/compiler/linx/linx_170/linx-llvm-binary-debug/linx-llvm-binary-release-musl/bin/../riscv32-elf/lib/rv32imc_ilp32/crt0.o] ==> obj [/work/shishimao/T553_code/software/code/sdk/tools/bin/compiler/linx/linx_170/linx-llvm-binary-debug/linx-llvm-binary-release-musl/bin/../riscv32-elf/lib/rv32imc_ilp32/crt0.o]
    arg [/work/shishimao/T553_code/software/code/sdk/tools/bin/compiler/linx/linx_170/linx-llvm-binary-debug/linx-llvm-binary-release-musl/lib/clang/12.0.1/lib/rv32imc_ilp32/clang_rt.crtbegin-riscv32.o] ==> obj [/work/shishimao/T553_code/software/code/sdk/tools/bin/compiler/linx/linx_170/linx-llvm-binary-debug/linx-llvm-binary-release-musl/lib/clang/12.0.1/lib/rv32imc_ilp32/clang_rt.crtbegin-riscv32.o]
    arg [CMakeFiles/cmTC_880b8.dir/CMakeCCompilerABI.c.obj] ==> ignore
    arg [--start-group] ==> ignore
    arg [-lc] ==> lib [c]
    arg [-lgloss] ==> lib [gloss]
    arg [/work/shishimao/T553_code/software/code/sdk/tools/bin/compiler/linx/linx_170/linx-llvm-binary-debug/linx-llvm-binary-release-musl/lib/clang/12.0.1/lib/rv32imc_ilp32/libclang_rt.builtins-riscv32.a] ==> lib [/work/shishimao/T553_code/software/code/sdk/tools/bin/compiler/linx/linx_170/linx-llvm-binary-debug/linx-llvm-binary-release-musl/lib/clang/12.0.1/lib/rv32imc_ilp32/libclang_rt.builtins-riscv32.a]
    arg [--end-group] ==> ignore
    arg [/work/shishimao/T553_code/software/code/sdk/tools/bin/compiler/linx/linx_170/linx-llvm-binary-debug/linx-llvm-binary-release-musl/lib/clang/12.0.1/lib/rv32imc_ilp32/clang_rt.crtend-riscv32.o] ==> obj [/work/shishimao/T553_code/software/code/sdk/tools/bin/compiler/linx/linx_170/linx-llvm-binary-debug/linx-llvm-binary-release-musl/lib/clang/12.0.1/lib/rv32imc_ilp32/clang_rt.crtend-riscv32.o]
    arg [-o] ==> ignore
    arg [cmTC_880b8] ==> ignore
  remove lib [/work/shishimao/T553_code/software/code/sdk/tools/bin/compiler/linx/linx_170/linx-llvm-binary-debug/linx-llvm-binary-release-musl/lib/clang/12.0.1/lib/rv32imc_ilp32/libclang_rt.builtins-riscv32.a]
  collapse obj [/work/shishimao/T553_code/software/code/sdk/tools/bin/compiler/linx/linx_170/linx-llvm-binary-debug/linx-llvm-binary-release-musl/bin/../riscv32-elf/lib/rv32imc_ilp32/crt0.o] ==> [/work/shishimao/T553_code/software/code/sdk/tools/bin/compiler/linx/linx_170/linx-llvm-binary-debug/linx-llvm-binary-release-musl/riscv32-elf/lib/rv32imc_ilp32/crt0.o]
  collapse library dir [/work/shishimao/T553_code/software/code/sdk/tools/bin/compiler/linx/linx_170/linx-llvm-binary-debug/linx-llvm-binary-release-musl/bin/../riscv32-elf/lib/rv32imc_ilp32/] ==> [/work/shishimao/T553_code/software/code/sdk/tools/bin/compiler/linx/linx_170/linx-llvm-binary-debug/linx-llvm-binary-release-musl/riscv32-elf/lib/rv32imc_ilp32]
  implicit libs: [c;gloss]
  implicit objs: [/work/shishimao/T553_code/software/code/sdk/tools/bin/compiler/linx/linx_170/linx-llvm-binary-debug/linx-llvm-binary-release-musl/riscv32-elf/lib/rv32imc_ilp32/crt0.o;/work/shishimao/T553_code/software/code/sdk/tools/bin/compiler/linx/linx_170/linx-llvm-binary-debug/linx-llvm-binary-release-musl/lib/clang/12.0.1/lib/rv32imc_ilp32/clang_rt.crtbegin-riscv32.o;/work/shishimao/T553_code/software/code/sdk/tools/bin/compiler/linx/linx_170/linx-llvm-binary-debug/linx-llvm-binary-release-musl/lib/clang/12.0.1/lib/rv32imc_ilp32/clang_rt.crtend-riscv32.o]
  implicit dirs: [/work/shishimao/T553_code/software/code/sdk/tools/bin/compiler/linx/linx_170/linx-llvm-binary-debug/linx-llvm-binary-release-musl/riscv32-elf/lib/rv32imc_ilp32]
  implicit fwks: []


Detecting CXX compiler ABI info compiled with the following output:
Change Dir: /work/shishimao/T553_code/software/code/sdk/output/brandy/acore/brandy-diting-r/CMakeFiles/CMakeTmp

Run Build Command(s):/usr/bin/make -f Makefile cmTC_157cb/fast && /usr/bin/make  -f CMakeFiles/cmTC_157cb.dir/build.make CMakeFiles/cmTC_157cb.dir/build
make[1]: Entering directory '/work/shishimao/T553_code/software/code/sdk/output/brandy/acore/brandy-diting-r/CMakeFiles/CMakeTmp'
Building CXX object CMakeFiles/cmTC_157cb.dir/CMakeCXXCompilerABI.cpp.obj
/work/shishimao/T553_code/software/code/sdk/tools/bin/compiler/linx/linx_170/linx-llvm-binary-debug/linx-llvm-binary-release-musl/bin/clang++   -v -MD -MT CMakeFiles/cmTC_157cb.dir/CMakeCXXCompilerABI.cpp.obj -MF CMakeFiles/cmTC_157cb.dir/CMakeCXXCompilerABI.cpp.obj.d -o CMakeFiles/cmTC_157cb.dir/CMakeCXXCompilerABI.cpp.obj -c /usr/local/share/cmake-3.22/Modules/CMakeCXXCompilerABI.cpp
clang version 12.0.1 (Linx Base Software-MCU 1.3.0.B007)
Target: riscv32
Thread model: posix
InstalledDir: /work/shishimao/T553_code/software/code/sdk/tools/bin/compiler/linx/linx_170/linx-llvm-binary-debug/linx-llvm-binary-release-musl/bin
 "/work/shishimao/T553_code/software/code/sdk/tools/bin/compiler/linx/linx_170/linx-llvm-binary-debug/linx-llvm-binary-release-musl/bin/clang++" -cc1 -triple riscv32 -S -disable-free -disable-llvm-verifier -discard-value-names -main-file-name CMakeCXXCompilerABI.cpp -mrelocation-model static -mframe-pointer=all -fmath-errno -ffp-contract=fast -fno-rounding-math -fno-verbose-asm -no-integrated-as -mconstructor-aliases -nostdsysteminc -target-feature +m -target-feature +c -target-feature +xlinxma -target-feature +xlinxmb -target-feature +xlinxmc -target-feature +xlinxmd -target-feature +xlinxme -target-feature +xlinxmf -target-feature +relax -target-feature -save-restore -target-abi ilp32 -msmall-data-limit 8 -fno-split-dwarf-inlining -debugger-tuning=gdb -v -resource-dir /work/shishimao/T553_code/software/code/sdk/tools/bin/compiler/linx/linx_170/linx-llvm-binary-debug/linx-llvm-binary-release-musl/lib/clang/12.0.1 -dependency-file CMakeFiles/cmTC_157cb.dir/CMakeCXXCompilerABI.cpp.obj.d -MT CMakeFiles/cmTC_157cb.dir/CMakeCXXCompilerABI.cpp.obj -sys-header-deps -internal-isystem /work/shishimao/T553_code/software/code/sdk/tools/bin/compiler/linx/linx_170/linx-llvm-binary-debug/linx-llvm-binary-release-musl/bin/../riscv32-elf/include/c++/v1 -internal-isystem /work/shishimao/T553_code/software/code/sdk/tools/bin/compiler/linx/linx_170/linx-llvm-binary-debug/linx-llvm-binary-release-musl/lib/clang/12.0.1/include -internal-isystem /work/shishimao/T553_code/software/code/sdk/tools/bin/compiler/linx/linx_170/linx-llvm-binary-debug/linx-llvm-binary-release-musl/bin/../riscv32-elf/include -fdeprecated-macro -fno-dwarf-directory-asm -fdebug-compilation-dir /work/shishimao/T553_code/software/code/sdk/output/brandy/acore/brandy-diting-r/CMakeFiles/CMakeTmp -ferror-limit 19 -fno-signed-char -fgnuc-version=4.2.1 -fcxx-exceptions -fexceptions -o /tmp/CMakeCXXCompilerABI-62e7ea.s -x c++ /usr/local/share/cmake-3.22/Modules/CMakeCXXCompilerABI.cpp
clang -cc1 version 12.0.1 based upon LLVM 12.0.1 default target riscv32
ignoring duplicate directory "/work/shishimao/T553_code/software/code/sdk/tools/bin/compiler/linx/linx_170/linx-llvm-binary-debug/linx-llvm-binary-release-musl/lib/clang/12.0.1/include"
#include "..." search starts here:
#include <...> search starts here:
 /work/shishimao/T553_code/software/code/sdk/tools/bin/compiler/linx/linx_170/linx-llvm-binary-debug/linx-llvm-binary-release-musl/bin/../riscv32-elf/include/c++/v1
 /work/shishimao/T553_code/software/code/sdk/tools/bin/compiler/linx/linx_170/linx-llvm-binary-debug/linx-llvm-binary-release-musl/lib/clang/12.0.1/include
 /work/shishimao/T553_code/software/code/sdk/tools/bin/compiler/linx/linx_170/linx-llvm-binary-debug/linx-llvm-binary-release-musl/bin/../riscv32-elf/include
End of search list.
 "/work/shishimao/T553_code/software/code/sdk/tools/bin/compiler/linx/linx_170/linx-llvm-binary-debug/linx-llvm-binary-release-musl/bin/riscv32/riscv32-raw/as" -mabi ilp32 -march rv32imc_xlinxma_xlinxmb_xlinxmc_xlinxmd_xlinxme_xlinxmf -o CMakeFiles/cmTC_157cb.dir/CMakeCXXCompilerABI.cpp.obj /tmp/CMakeCXXCompilerABI-62e7ea.s
Linking CXX executable cmTC_157cb
/usr/local/bin/cmake -E cmake_link_script CMakeFiles/cmTC_157cb.dir/link.txt --verbose=1
/work/shishimao/T553_code/software/code/sdk/tools/bin/compiler/linx/linx_170/linx-llvm-binary-debug/linx-llvm-binary-release-musl/bin/clang++  -v CMakeFiles/cmTC_157cb.dir/CMakeCXXCompilerABI.cpp.obj -o cmTC_157cb 
clang version 12.0.1 (Linx Base Software-MCU 1.3.0.B007)
Target: riscv32
Thread model: posix
InstalledDir: /work/shishimao/T553_code/software/code/sdk/tools/bin/compiler/linx/linx_170/linx-llvm-binary-debug/linx-llvm-binary-release-musl/bin
 "/work/shishimao/T553_code/software/code/sdk/tools/bin/compiler/linx/linx_170/linx-llvm-binary-debug/linx-llvm-binary-release-musl/bin/riscv32/riscv32-raw/ld" -m elf32lriscv -L/work/shishimao/T553_code/software/code/sdk/tools/bin/compiler/linx/linx_170/linx-llvm-binary-debug/linx-llvm-binary-release-musl/bin/../riscv32-elf/lib/rv32imc_ilp32/ /work/shishimao/T553_code/software/code/sdk/tools/bin/compiler/linx/linx_170/linx-llvm-binary-debug/linx-llvm-binary-release-musl/bin/../riscv32-elf/lib/rv32imc_ilp32/crt0.o /work/shishimao/T553_code/software/code/sdk/tools/bin/compiler/linx/linx_170/linx-llvm-binary-debug/linx-llvm-binary-release-musl/lib/clang/12.0.1/lib/rv32imc_ilp32/clang_rt.crtbegin-riscv32.o CMakeFiles/cmTC_157cb.dir/CMakeCXXCompilerABI.cpp.obj -lc++ -lc++abi -lunwind --start-group -lc -lgloss /work/shishimao/T553_code/software/code/sdk/tools/bin/compiler/linx/linx_170/linx-llvm-binary-debug/linx-llvm-binary-release-musl/lib/clang/12.0.1/lib/rv32imc_ilp32/libclang_rt.builtins-riscv32.a --end-group /work/shishimao/T553_code/software/code/sdk/tools/bin/compiler/linx/linx_170/linx-llvm-binary-debug/linx-llvm-binary-release-musl/lib/clang/12.0.1/lib/rv32imc_ilp32/clang_rt.crtend-riscv32.o -o cmTC_157cb
make[1]: Leaving directory '/work/shishimao/T553_code/software/code/sdk/output/brandy/acore/brandy-diting-r/CMakeFiles/CMakeTmp'



Parsed CXX implicit include dir info from above output: rv=done
  found start of include info
  found start of implicit include info
    add: [/work/shishimao/T553_code/software/code/sdk/tools/bin/compiler/linx/linx_170/linx-llvm-binary-debug/linx-llvm-binary-release-musl/bin/../riscv32-elf/include/c++/v1]
    add: [/work/shishimao/T553_code/software/code/sdk/tools/bin/compiler/linx/linx_170/linx-llvm-binary-debug/linx-llvm-binary-release-musl/lib/clang/12.0.1/include]
    add: [/work/shishimao/T553_code/software/code/sdk/tools/bin/compiler/linx/linx_170/linx-llvm-binary-debug/linx-llvm-binary-release-musl/bin/../riscv32-elf/include]
  end of search list found
  collapse include dir [/work/shishimao/T553_code/software/code/sdk/tools/bin/compiler/linx/linx_170/linx-llvm-binary-debug/linx-llvm-binary-release-musl/bin/../riscv32-elf/include/c++/v1] ==> [/work/shishimao/T553_code/software/code/sdk/tools/bin/compiler/linx/linx_170/linx-llvm-binary-debug/linx-llvm-binary-release-musl/riscv32-elf/include/c++/v1]
  collapse include dir [/work/shishimao/T553_code/software/code/sdk/tools/bin/compiler/linx/linx_170/linx-llvm-binary-debug/linx-llvm-binary-release-musl/lib/clang/12.0.1/include] ==> [/work/shishimao/T553_code/software/code/sdk/tools/bin/compiler/linx/linx_170/linx-llvm-binary-debug/linx-llvm-binary-release-musl/lib/clang/12.0.1/include]
  collapse include dir [/work/shishimao/T553_code/software/code/sdk/tools/bin/compiler/linx/linx_170/linx-llvm-binary-debug/linx-llvm-binary-release-musl/bin/../riscv32-elf/include] ==> [/work/shishimao/T553_code/software/code/sdk/tools/bin/compiler/linx/linx_170/linx-llvm-binary-debug/linx-llvm-binary-release-musl/riscv32-elf/include]
  implicit include dirs: [/work/shishimao/T553_code/software/code/sdk/tools/bin/compiler/linx/linx_170/linx-llvm-binary-debug/linx-llvm-binary-release-musl/riscv32-elf/include/c++/v1;/work/shishimao/T553_code/software/code/sdk/tools/bin/compiler/linx/linx_170/linx-llvm-binary-debug/linx-llvm-binary-release-musl/lib/clang/12.0.1/include;/work/shishimao/T553_code/software/code/sdk/tools/bin/compiler/linx/linx_170/linx-llvm-binary-debug/linx-llvm-binary-release-musl/riscv32-elf/include]


Parsed CXX implicit link information from above output:
  link line regex: [^( *|.*[/\])(riscv32-linux-musl-ld|CMAKE_LINK_STARTFILE-NOTFOUND|([^/\]+-)?ld|collect2)[^/\]*( |$)]
  ignore line: [Change Dir: /work/shishimao/T553_code/software/code/sdk/output/brandy/acore/brandy-diting-r/CMakeFiles/CMakeTmp]
  ignore line: []
  ignore line: [Run Build Command(s):/usr/bin/make -f Makefile cmTC_157cb/fast && /usr/bin/make  -f CMakeFiles/cmTC_157cb.dir/build.make CMakeFiles/cmTC_157cb.dir/build]
  ignore line: [make[1]: Entering directory '/work/shishimao/T553_code/software/code/sdk/output/brandy/acore/brandy-diting-r/CMakeFiles/CMakeTmp']
  ignore line: [Building CXX object CMakeFiles/cmTC_157cb.dir/CMakeCXXCompilerABI.cpp.obj]
  ignore line: [/work/shishimao/T553_code/software/code/sdk/tools/bin/compiler/linx/linx_170/linx-llvm-binary-debug/linx-llvm-binary-release-musl/bin/clang++   -v -MD -MT CMakeFiles/cmTC_157cb.dir/CMakeCXXCompilerABI.cpp.obj -MF CMakeFiles/cmTC_157cb.dir/CMakeCXXCompilerABI.cpp.obj.d -o CMakeFiles/cmTC_157cb.dir/CMakeCXXCompilerABI.cpp.obj -c /usr/local/share/cmake-3.22/Modules/CMakeCXXCompilerABI.cpp]
  ignore line: [clang version 12.0.1 (Linx Base Software-MCU 1.3.0.B007)]
  ignore line: [Target: riscv32]
  ignore line: [Thread model: posix]
  ignore line: [InstalledDir: /work/shishimao/T553_code/software/code/sdk/tools/bin/compiler/linx/linx_170/linx-llvm-binary-debug/linx-llvm-binary-release-musl/bin]
  ignore line: [ "/work/shishimao/T553_code/software/code/sdk/tools/bin/compiler/linx/linx_170/linx-llvm-binary-debug/linx-llvm-binary-release-musl/bin/clang++" -cc1 -triple riscv32 -S -disable-free -disable-llvm-verifier -discard-value-names -main-file-name CMakeCXXCompilerABI.cpp -mrelocation-model static -mframe-pointer=all -fmath-errno -ffp-contract=fast -fno-rounding-math -fno-verbose-asm -no-integrated-as -mconstructor-aliases -nostdsysteminc -target-feature +m -target-feature +c -target-feature +xlinxma -target-feature +xlinxmb -target-feature +xlinxmc -target-feature +xlinxmd -target-feature +xlinxme -target-feature +xlinxmf -target-feature +relax -target-feature -save-restore -target-abi ilp32 -msmall-data-limit 8 -fno-split-dwarf-inlining -debugger-tuning=gdb -v -resource-dir /work/shishimao/T553_code/software/code/sdk/tools/bin/compiler/linx/linx_170/linx-llvm-binary-debug/linx-llvm-binary-release-musl/lib/clang/12.0.1 -dependency-file CMakeFiles/cmTC_157cb.dir/CMakeCXXCompilerABI.cpp.obj.d -MT CMakeFiles/cmTC_157cb.dir/CMakeCXXCompilerABI.cpp.obj -sys-header-deps -internal-isystem /work/shishimao/T553_code/software/code/sdk/tools/bin/compiler/linx/linx_170/linx-llvm-binary-debug/linx-llvm-binary-release-musl/bin/../riscv32-elf/include/c++/v1 -internal-isystem /work/shishimao/T553_code/software/code/sdk/tools/bin/compiler/linx/linx_170/linx-llvm-binary-debug/linx-llvm-binary-release-musl/lib/clang/12.0.1/include -internal-isystem /work/shishimao/T553_code/software/code/sdk/tools/bin/compiler/linx/linx_170/linx-llvm-binary-debug/linx-llvm-binary-release-musl/bin/../riscv32-elf/include -fdeprecated-macro -fno-dwarf-directory-asm -fdebug-compilation-dir /work/shishimao/T553_code/software/code/sdk/output/brandy/acore/brandy-diting-r/CMakeFiles/CMakeTmp -ferror-limit 19 -fno-signed-char -fgnuc-version=4.2.1 -fcxx-exceptions -fexceptions -o /tmp/CMakeCXXCompilerABI-62e7ea.s -x c++ /usr/local/share/cmake-3.22/Modules/CMakeCXXCompilerABI.cpp]
  ignore line: [clang -cc1 version 12.0.1 based upon LLVM 12.0.1 default target riscv32]
  ignore line: [ignoring duplicate directory "/work/shishimao/T553_code/software/code/sdk/tools/bin/compiler/linx/linx_170/linx-llvm-binary-debug/linx-llvm-binary-release-musl/lib/clang/12.0.1/include"]
  ignore line: [#include "..." search starts here:]
  ignore line: [#include <...> search starts here:]
  ignore line: [ /work/shishimao/T553_code/software/code/sdk/tools/bin/compiler/linx/linx_170/linx-llvm-binary-debug/linx-llvm-binary-release-musl/bin/../riscv32-elf/include/c++/v1]
  ignore line: [ /work/shishimao/T553_code/software/code/sdk/tools/bin/compiler/linx/linx_170/linx-llvm-binary-debug/linx-llvm-binary-release-musl/lib/clang/12.0.1/include]
  ignore line: [ /work/shishimao/T553_code/software/code/sdk/tools/bin/compiler/linx/linx_170/linx-llvm-binary-debug/linx-llvm-binary-release-musl/bin/../riscv32-elf/include]
  ignore line: [End of search list.]
  ignore line: [ "/work/shishimao/T553_code/software/code/sdk/tools/bin/compiler/linx/linx_170/linx-llvm-binary-debug/linx-llvm-binary-release-musl/bin/riscv32/riscv32-raw/as" -mabi ilp32 -march rv32imc_xlinxma_xlinxmb_xlinxmc_xlinxmd_xlinxme_xlinxmf -o CMakeFiles/cmTC_157cb.dir/CMakeCXXCompilerABI.cpp.obj /tmp/CMakeCXXCompilerABI-62e7ea.s]
  ignore line: [Linking CXX executable cmTC_157cb]
  ignore line: [/usr/local/bin/cmake -E cmake_link_script CMakeFiles/cmTC_157cb.dir/link.txt --verbose=1]
  ignore line: [/work/shishimao/T553_code/software/code/sdk/tools/bin/compiler/linx/linx_170/linx-llvm-binary-debug/linx-llvm-binary-release-musl/bin/clang++  -v CMakeFiles/cmTC_157cb.dir/CMakeCXXCompilerABI.cpp.obj -o cmTC_157cb ]
  ignore line: [clang version 12.0.1 (Linx Base Software-MCU 1.3.0.B007)]
  ignore line: [Target: riscv32]
  ignore line: [Thread model: posix]
  ignore line: [InstalledDir: /work/shishimao/T553_code/software/code/sdk/tools/bin/compiler/linx/linx_170/linx-llvm-binary-debug/linx-llvm-binary-release-musl/bin]
  link line: [ "/work/shishimao/T553_code/software/code/sdk/tools/bin/compiler/linx/linx_170/linx-llvm-binary-debug/linx-llvm-binary-release-musl/bin/riscv32/riscv32-raw/ld" -m elf32lriscv -L/work/shishimao/T553_code/software/code/sdk/tools/bin/compiler/linx/linx_170/linx-llvm-binary-debug/linx-llvm-binary-release-musl/bin/../riscv32-elf/lib/rv32imc_ilp32/ /work/shishimao/T553_code/software/code/sdk/tools/bin/compiler/linx/linx_170/linx-llvm-binary-debug/linx-llvm-binary-release-musl/bin/../riscv32-elf/lib/rv32imc_ilp32/crt0.o /work/shishimao/T553_code/software/code/sdk/tools/bin/compiler/linx/linx_170/linx-llvm-binary-debug/linx-llvm-binary-release-musl/lib/clang/12.0.1/lib/rv32imc_ilp32/clang_rt.crtbegin-riscv32.o CMakeFiles/cmTC_157cb.dir/CMakeCXXCompilerABI.cpp.obj -lc++ -lc++abi -lunwind --start-group -lc -lgloss /work/shishimao/T553_code/software/code/sdk/tools/bin/compiler/linx/linx_170/linx-llvm-binary-debug/linx-llvm-binary-release-musl/lib/clang/12.0.1/lib/rv32imc_ilp32/libclang_rt.builtins-riscv32.a --end-group /work/shishimao/T553_code/software/code/sdk/tools/bin/compiler/linx/linx_170/linx-llvm-binary-debug/linx-llvm-binary-release-musl/lib/clang/12.0.1/lib/rv32imc_ilp32/clang_rt.crtend-riscv32.o -o cmTC_157cb]
    arg [/work/shishimao/T553_code/software/code/sdk/tools/bin/compiler/linx/linx_170/linx-llvm-binary-debug/linx-llvm-binary-release-musl/bin/riscv32/riscv32-raw/ld] ==> ignore
    arg [-m] ==> ignore
    arg [elf32lriscv] ==> ignore
    arg [-L/work/shishimao/T553_code/software/code/sdk/tools/bin/compiler/linx/linx_170/linx-llvm-binary-debug/linx-llvm-binary-release-musl/bin/../riscv32-elf/lib/rv32imc_ilp32/] ==> dir [/work/shishimao/T553_code/software/code/sdk/tools/bin/compiler/linx/linx_170/linx-llvm-binary-debug/linx-llvm-binary-release-musl/bin/../riscv32-elf/lib/rv32imc_ilp32/]
    arg [/work/shishimao/T553_code/software/code/sdk/tools/bin/compiler/linx/linx_170/linx-llvm-binary-debug/linx-llvm-binary-release-musl/bin/../riscv32-elf/lib/rv32imc_ilp32/crt0.o] ==> obj [/work/shishimao/T553_code/software/code/sdk/tools/bin/compiler/linx/linx_170/linx-llvm-binary-debug/linx-llvm-binary-release-musl/bin/../riscv32-elf/lib/rv32imc_ilp32/crt0.o]
    arg [/work/shishimao/T553_code/software/code/sdk/tools/bin/compiler/linx/linx_170/linx-llvm-binary-debug/linx-llvm-binary-release-musl/lib/clang/12.0.1/lib/rv32imc_ilp32/clang_rt.crtbegin-riscv32.o] ==> obj [/work/shishimao/T553_code/software/code/sdk/tools/bin/compiler/linx/linx_170/linx-llvm-binary-debug/linx-llvm-binary-release-musl/lib/clang/12.0.1/lib/rv32imc_ilp32/clang_rt.crtbegin-riscv32.o]
    arg [CMakeFiles/cmTC_157cb.dir/CMakeCXXCompilerABI.cpp.obj] ==> ignore
    arg [-lc++] ==> lib [c++]
    arg [-lc++abi] ==> lib [c++abi]
    arg [-lunwind] ==> lib [unwind]
    arg [--start-group] ==> ignore
    arg [-lc] ==> lib [c]
    arg [-lgloss] ==> lib [gloss]
    arg [/work/shishimao/T553_code/software/code/sdk/tools/bin/compiler/linx/linx_170/linx-llvm-binary-debug/linx-llvm-binary-release-musl/lib/clang/12.0.1/lib/rv32imc_ilp32/libclang_rt.builtins-riscv32.a] ==> lib [/work/shishimao/T553_code/software/code/sdk/tools/bin/compiler/linx/linx_170/linx-llvm-binary-debug/linx-llvm-binary-release-musl/lib/clang/12.0.1/lib/rv32imc_ilp32/libclang_rt.builtins-riscv32.a]
    arg [--end-group] ==> ignore
    arg [/work/shishimao/T553_code/software/code/sdk/tools/bin/compiler/linx/linx_170/linx-llvm-binary-debug/linx-llvm-binary-release-musl/lib/clang/12.0.1/lib/rv32imc_ilp32/clang_rt.crtend-riscv32.o] ==> obj [/work/shishimao/T553_code/software/code/sdk/tools/bin/compiler/linx/linx_170/linx-llvm-binary-debug/linx-llvm-binary-release-musl/lib/clang/12.0.1/lib/rv32imc_ilp32/clang_rt.crtend-riscv32.o]
    arg [-o] ==> ignore
    arg [cmTC_157cb] ==> ignore
  remove lib [/work/shishimao/T553_code/software/code/sdk/tools/bin/compiler/linx/linx_170/linx-llvm-binary-debug/linx-llvm-binary-release-musl/lib/clang/12.0.1/lib/rv32imc_ilp32/libclang_rt.builtins-riscv32.a]
  collapse obj [/work/shishimao/T553_code/software/code/sdk/tools/bin/compiler/linx/linx_170/linx-llvm-binary-debug/linx-llvm-binary-release-musl/bin/../riscv32-elf/lib/rv32imc_ilp32/crt0.o] ==> [/work/shishimao/T553_code/software/code/sdk/tools/bin/compiler/linx/linx_170/linx-llvm-binary-debug/linx-llvm-binary-release-musl/riscv32-elf/lib/rv32imc_ilp32/crt0.o]
  collapse library dir [/work/shishimao/T553_code/software/code/sdk/tools/bin/compiler/linx/linx_170/linx-llvm-binary-debug/linx-llvm-binary-release-musl/bin/../riscv32-elf/lib/rv32imc_ilp32/] ==> [/work/shishimao/T553_code/software/code/sdk/tools/bin/compiler/linx/linx_170/linx-llvm-binary-debug/linx-llvm-binary-release-musl/riscv32-elf/lib/rv32imc_ilp32]
  implicit libs: [c++;c++abi;unwind;c;gloss]
  implicit objs: [/work/shishimao/T553_code/software/code/sdk/tools/bin/compiler/linx/linx_170/linx-llvm-binary-debug/linx-llvm-binary-release-musl/riscv32-elf/lib/rv32imc_ilp32/crt0.o;/work/shishimao/T553_code/software/code/sdk/tools/bin/compiler/linx/linx_170/linx-llvm-binary-debug/linx-llvm-binary-release-musl/lib/clang/12.0.1/lib/rv32imc_ilp32/clang_rt.crtbegin-riscv32.o;/work/shishimao/T553_code/software/code/sdk/tools/bin/compiler/linx/linx_170/linx-llvm-binary-debug/linx-llvm-binary-release-musl/lib/clang/12.0.1/lib/rv32imc_ilp32/clang_rt.crtend-riscv32.o]
  implicit dirs: [/work/shishimao/T553_code/software/code/sdk/tools/bin/compiler/linx/linx_170/linx-llvm-binary-debug/linx-llvm-binary-release-musl/riscv32-elf/lib/rv32imc_ilp32]
  implicit fwks: []


